
00:00 +0: loading /Users/joelpshaju/Desktop/joel_portfolio/test/widget_test.dart                                                                                                              
00:01 +0: loading /Users/joelpshaju/Desktop/joel_portfolio/test/widget_test.dart                                                                                                              
00:01 +0: Portfolio UI test with Riverpod provider overrides                                                                                                                                           
00:02 +0: Portfolio UI test with Riverpod provider overrides                                                                                                                                           
00:03 +0: Portfolio UI test with Riverpod provider overrides                                                                                                                                           
00:04 +0: Portfolio UI test with Riverpod provider overrides                                                                                                                                           
00:05 +0: Portfolio UI test with Riverpod provider overrides                                                                                                                                           
00:06 +0: Portfolio UI test with Riverpod provider overrides                                                                                                                                           
00:07 +0: Portfolio UI test with Riverpod provider overrides                                                                                                                                           
00:08 +0: Portfolio UI test with Riverpod provider overrides                                                                                                                                           
00:09 +0: Portfolio UI test with Riverpod provider overrides                                                                                                                                           
00:09 +0: Portfolio UI test with Riverpod provider overrides                                                                                                                                           
══╡ EXCEPTION CAUGHT BY RENDERING LIBRARY ╞═════════════════════════════════════════════════════════
The following assertion was thrown during layout:
A RenderFlex overflowed by 40 pixels on the bottom.

The relevant error-causing widget was:
  Column
  Column:file:///Users/joelpshaju/Desktop/joel_portfolio/lib/features/portfolio/presentation/views/sections/hero_section.dart:330:24

The overflowing RenderFlex has an orientation of Axis.vertical.
The edge of the RenderFlex that is overflowing has been marked in the rendering with a yellow and
black striped pattern. This is usually caused by the contents being too big for the RenderFlex.
Consider applying a flex factor (e.g. using an Expanded widget) to force the children of the
RenderFlex to fit within the available space instead of being sized to their natural size.
This is considered an error condition because it indicates that there is content that cannot be
seen. If the content is legitimately bigger than the available space, consider clipping it with a
ClipRect widget before putting it in the flex, or using a scrollable container rather than a Flex,
like a ListView.
The specific RenderFlex in question is: RenderFlex#50b88 relayoutBoundary=up8 OVERFLOWING:
  creator: Column ← Padding ← DecoratedBox ← Container ← BackdropFilter ← ClipRRect ← GlassContainer ←
    Padding ← DecoratedBox ← ConstrainedBox ← Container ← Positioned ← ⋯
  parentData: offset=Offset(25.5, 25.5) (can use size)
  constraints: BoxConstraints(w=269.0, 0.0<=h<=429.0)
  size: Size(269.0, 429.0)
  direction: vertical
  mainAxisAlignment: start
  mainAxisSize: max
  crossAxisAlignment: start
  textDirection: ltr
  verticalDirection: down
  spacing: 0.0
◢◤◢◤◢◤◢◤◢◤◢◤◢◤◢◤◢◤◢◤◢◤◢◤◢◤◢◤◢◤◢◤◢◤◢◤◢◤◢◤◢◤◢◤◢◤◢◤◢◤◢◤◢◤◢◤◢◤◢◤◢◤◢◤◢◤◢◤◢◤◢◤◢◤◢◤◢◤◢◤◢◤◢◤◢◤◢◤◢◤◢◤◢◤◢◤◢◤◢◤
════════════════════════════════════════════════════════════════════════════════════════════════════
══╡ EXCEPTION CAUGHT BY FLUTTER TEST FRAMEWORK ╞════════════════════════════════════════════════════
The following assertion was thrown running a test:
pumpAndSettle timed out

When the exception was thrown, this was the stack:
#0      WidgetTester.pumpAndSettle.<anonymous closure> (package:flutter_test/src/widget_tester.dart:717:11)
<asynchronous suspension>
#1      TestAsyncUtils.guard.<anonymous closure> (package:flutter_test/src/test_async_utils.dart:130:27)
<asynchronous suspension>
#2      main.<anonymous closure> (file:///Users/joelpshaju/Desktop/joel_portfolio/test/widget_test.dart:29:5)
<asynchronous suspension>
#3      testWidgets.<anonymous closure>.<anonymous closure> (package:flutter_test/src/widget_tester.dart:192:15)
<asynchronous suspension>
#4      TestWidgetsFlutterBinding._runTestBody (package:flutter_test/src/binding.dart:1059:5)
<asynchronous suspension>
<asynchronous suspension>
(elided one frame from package:stack_trace)

The test description was:
  Portfolio UI test with Riverpod provider overrides
════════════════════════════════════════════════════════════════════════════════════════════════════
══╡ EXCEPTION CAUGHT BY FLUTTER TEST FRAMEWORK ╞════════════════════════════════════════════════════
The following message was thrown:
Multiple exceptions (2) were detected during the running of the current test, and at least one was
unexpected.
════════════════════════════════════════════════════════════════════════════════════════════════════

00:09 +0 -1: Portfolio UI test with Riverpod provider overrides [E]                                                                                                                                    
  Test failed. See exception logs above.
  The test description was: Portfolio UI test with Riverpod provider overrides
  
Warning: At least one test in this suite creates an HttpClient. When running a test suite that uses
TestWidgetsFlutterBinding, all HTTP requests will return status code 400, and no network request
will actually be made. Any test expecting a real network connection and status code will fail.
To test code that needs an HttpClient, provide your own HttpClient implementation to the code under
test, so that your test can consistently provide a testable response to the code under test.

To run this test again: /Users/joelpshaju/development/flutter/bin/cache/dart-sdk/bin/dart test /Users/joelpshaju/Desktop/joel_portfolio/test/widget_test.dart -p vm --plain-name 'Portfolio UI test with Riverpod provider overrides'

00:09 +0 -1: Some tests failed.                                                                                                                                                                        
